{
  "codigo": 1,
  "cpf": "Guilherme Machado Gomes",
  "email": "guilherme.gomes@uol.com.br",
  "nome": "Guilherme Machado Gomes"
}