{
  "codigo": 1,
  "cpf": "Guilherme Machado Gomes",
  "dataNascimento": "1972-09-12",
  "email": "56844030932",
  "nome": "guilherme.gomes@hotmail.com"
}