{
  "codigo": 2,
  "cpf": "10275977340",
  "email": "gabriel.teixeira@uol.com.br",
  "nome": "Gabriel Ducati Teixeira"
}